Device: cuda


============================================================
Model: PointNet++

  Dataset: shapenet
✓ Loaded ShapeNet test: 3370 samples (per-point labels: True)
  Loaded checkpoint: outputs/checkpoints/20260916_152015_PointNet2Encoder.pt
  Building database...
    θ=   0.0°  R@1=0.716  R@5=0.908  mAP@5=0.765
    θ=  10.0°  R@1=0.700  R@5=0.910  mAP@5=0.761
    θ=  20.0°  R@1=0.696  R@5=0.905  mAP@5=0.756
    θ=  30.0°  R@1=0.693  R@5=0.909  mAP@5=0.757
    θ=  40.0°  R@1=0.689  R@5=0.906  mAP@5=0.754
    θ=  50.0°  R@1=0.689  R@5=0.904  mAP@5=0.752
    θ=  60.0°  R@1=0.692  R@5=0.907  mAP@5=0.755
    θ=  70.0°  R@1=0.695  R@5=0.908  mAP@5=0.758
    θ=  80.0°  R@1=0.700  R@5=0.910  mAP@5=0.762
    θ=  90.0°  R@1=0.702  R@5=0.912  mAP@5=0.764
    θ= 100.0°  R@1=0.698  R@5=0.914  mAP@5=0.764
    θ= 110.0°  R@1=0.705  R@5=0.915  mAP@5=0.768
    θ= 120.0°  R@1=0.710  R@5=0.919  mAP@5=0.773
    θ= 130.0°  R@1=0.711  R@5=0.918  mAP@5=0.772
    θ= 140.0°  R@1=0.701  R@5=0.915  mAP@5=0.766
    θ= 150.0°  R@1=0.708  R@5=0.912  mAP@5=0.768
    θ= 160.0°  R@1=0.708  R@5=0.914  mAP@5=0.768
    θ= 170.0°  R@1=0.715  R@5=0.915  mAP@5=0.773
    θ= 180.0°  R@1=0.709  R@5=0.915  mAP@5=0.770

============================================================
Model: DGCNN

  Dataset: shapenet
✓ Loaded ShapeNet test: 3370 samples (per-point labels: True)
  Loaded checkpoint: outputs/checkpoints/20260916_172316_DGCNNEncoder.pt
  Building database...
    θ=   0.0°  R@1=0.918  R@5=0.975  mAP@5=0.929
    θ=  10.0°  R@1=0.915  R@5=0.977  mAP@5=0.928
    θ=  20.0°  R@1=0.913  R@5=0.973  mAP@5=0.924
    θ=  30.0°  R@1=0.909  R@5=0.974  mAP@5=0.923
    θ=  40.0°  R@1=0.896  R@5=0.970  mAP@5=0.914
    θ=  50.0°  R@1=0.889  R@5=0.970  mAP@5=0.907
    θ=  60.0°  R@1=0.885  R@5=0.965  mAP@5=0.901
    θ=  70.0°  R@1=0.875  R@5=0.964  mAP@5=0.897
    θ=  80.0°  R@1=0.867  R@5=0.963  mAP@5=0.890
    θ=  90.0°  R@1=0.853  R@5=0.963  mAP@5=0.883
    θ= 100.0°  R@1=0.848  R@5=0.956  mAP@5=0.877
    θ= 110.0°  R@1=0.844  R@5=0.954  mAP@5=0.871
    θ= 120.0°  R@1=0.831  R@5=0.951  mAP@5=0.864
    θ= 130.0°  R@1=0.828  R@5=0.952  mAP@5=0.861
    θ= 140.0°  R@1=0.829  R@5=0.948  mAP@5=0.859
    θ= 150.0°  R@1=0.819  R@5=0.947  mAP@5=0.854
    θ= 160.0°  R@1=0.826  R@5=0.945  mAP@5=0.856
    θ= 170.0°  R@1=0.818  R@5=0.953  mAP@5=0.856
    θ= 180.0°  R@1=0.828  R@5=0.950  mAP@5=0.861

============================================================
Model: DiPVNet

  Dataset: shapenet
✓ Loaded ShapeNet test: 3370 samples (per-point labels: True)
  Loaded checkpoint: outputs/checkpoints/20260917_052229_DiPVNetEncoder.pt
  Building database...
    θ=   0.0°  R@1=0.856  R@5=0.940  mAP@5=0.881
    θ=  10.0°  R@1=0.850  R@5=0.940  mAP@5=0.880
    θ=  20.0°  R@1=0.851  R@5=0.940  mAP@5=0.879
    θ=  30.0°  R@1=0.851  R@5=0.938  mAP@5=0.878
    θ=  40.0°  R@1=0.851  R@5=0.941  mAP@5=0.879
    θ=  50.0°  R@1=0.851  R@5=0.938  mAP@5=0.878
    θ=  60.0°  R@1=0.852  R@5=0.941  mAP@5=0.879
    θ=  70.0°  R@1=0.854  R@5=0.941  mAP@5=0.880
    θ=  80.0°  R@1=0.853  R@5=0.938  mAP@5=0.879
    θ=  90.0°  R@1=0.852  R@5=0.939  mAP@5=0.878
    θ= 100.0°  R@1=0.851  R@5=0.941  mAP@5=0.880
    θ= 110.0°  R@1=0.850  R@5=0.937  mAP@5=0.878
    θ= 120.0°  R@1=0.852  R@5=0.941  mAP@5=0.880
    θ= 130.0°  R@1=0.851  R@5=0.939  mAP@5=0.878
    θ= 140.0°  R@1=0.852  R@5=0.938  mAP@5=0.878
    θ= 150.0°  R@1=0.851  R@5=0.938  mAP@5=0.879
    θ= 160.0°  R@1=0.850  R@5=0.940  mAP@5=0.879
    θ= 170.0°  R@1=0.852  R@5=0.939  mAP@5=0.880
    θ= 180.0°  R@1=0.848  R@5=0.938  mAP@5=0.877

============================================================
Model: RISA

  Dataset: shapenet
✓ Loaded ShapeNet test: 3370 samples (per-point labels: True)
  Loaded checkpoint: outputs/checkpoints/20260917_132900_RotationInvariantSparseAttention.pt
  Building database...
[W917 16:07:29.484282639 Context.cpp:424] Warning: torch.backends.cuda.preferred_linalg_library is an experimental feature. If you see any error or unexpected behavior when this flag is set please file an issue on GitHub. (function operator())
    θ=   0.0°  R@1=0.948  R@5=0.974  mAP@5=0.957
    θ=  10.0°  R@1=0.950  R@5=0.974  mAP@5=0.957
    θ=  20.0°  R@1=0.952  R@5=0.976  mAP@5=0.958
    θ=  30.0°  R@1=0.951  R@5=0.975  mAP@5=0.958
    θ=  40.0°  R@1=0.951  R@5=0.975  mAP@5=0.957
    θ=  50.0°  R@1=0.951  R@5=0.975  mAP@5=0.958
    θ=  60.0°  R@1=0.949  R@5=0.975  mAP@5=0.957
    θ=  70.0°  R@1=0.948  R@5=0.974  mAP@5=0.956
    θ=  80.0°  R@1=0.949  R@5=0.974  mAP@5=0.957
    θ=  90.0°  R@1=0.948  R@5=0.976  mAP@5=0.957
    θ= 100.0°  R@1=0.948  R@5=0.975  mAP@5=0.957
    θ= 110.0°  R@1=0.949  R@5=0.977  mAP@5=0.957
    θ= 120.0°  R@1=0.948  R@5=0.974  mAP@5=0.956
    θ= 130.0°  R@1=0.948  R@5=0.974  mAP@5=0.956
    θ= 140.0°  R@1=0.949  R@5=0.974  mAP@5=0.957
    θ= 150.0°  R@1=0.949  R@5=0.975  mAP@5=0.957
    θ= 160.0°  R@1=0.947  R@5=0.974  mAP@5=0.956
    θ= 170.0°  R@1=0.949  R@5=0.972  mAP@5=0.956
    θ= 180.0°  R@1=0.950  R@5=0.974  mAP@5=0.956
TensorBoard logs → runs/experiment1/20260917_165056
Results saved → /home/grad/smenon/retrieval_paper/outputs/exp1_retrieval.json
