Device: cuda
Loading ShapeNet test set (1024 pts per shape)...
✓ Loaded ShapeNet test: 3370 samples (per-point labels: True)
Extracting shapes...
  3370 test shapes, 16 classes
Computing part distributions...

Loading 3D SIFT descriptors from cache: outputs/exp8_sift_cache.npz
  Loaded 3370 shapes from cache.
  Total descriptors: 215,680

Building inverted index (vocab_size=512)...
  Building vocabulary: 512 words from 215,680 descriptors...
  Vocabulary ready.
  Indexed 3370 shapes.

Discovering attribute words from part labels...
  Attribute words for 'body' in 'airplane': [94, 239, 346, 347, 363, 439, 458, 317, 78, 299]... (showing 10/30)
  Attribute words for 'wing' in 'airplane': [224, 267, 0, 124, 210, 494, 319, 322, 429, 129]... (showing 10/30)
  Attribute words for 'tail' in 'airplane': [331, 273, 469, 498, 82, 98, 137, 185, 236, 404]... (showing 10/30)
  Attribute words for 'engine' in 'airplane': [413, 123, 15, 59, 491, 502, 100, 315, 490, 271]... (showing 10/30)
  Attribute words for 'body' in 'bag': [247, 271, 26, 262, 297, 384, 78, 79, 122, 136]... (showing 10/30)
  Attribute words for 'handle' in 'bag': [94, 261, 204, 260, 151, 488, 50, 84, 344, 68]... (showing 10/30)
  Attribute words for 'brim' in 'cap': [155, 484, 248, 214, 50, 106, 204, 240, 261, 417]... (showing 10/30)
  Attribute words for 'crown' in 'cap': [162, 274, 284, 377, 17, 69, 73, 255, 395, 441]... (showing 10/30)
  Attribute words for 'body' in 'car': [208, 398, 108, 368, 330, 466, 438, 298, 435, 87]... (showing 10/30)
  Attribute words for 'wheel' in 'car': [117, 137, 430, 458, 7, 205, 485, 63, 147, 384]... (showing 10/30)
  Attribute words for 'hood' in 'car': [252, 88, 157, 401, 48, 78, 150, 373, 16, 254]... (showing 10/30)
  Attribute words for 'roof' in 'car': [346, 198, 249, 197, 359, 17, 218, 207, 340, 143]... (showing 10/30)
  Attribute words for 'back' in 'chair': [503, 226, 81, 170, 365, 32, 91, 432, 404, 349]... (showing 10/30)
  Attribute words for 'seat' in 'chair': [327, 376, 194, 2, 403, 409, 68, 43, 375, 229]... (showing 10/30)
  Attribute words for 'leg' in 'chair': [412, 308, 382, 185, 366, 453, 54, 357, 283, 436]... (showing 10/30)
  Attribute words for 'arm' in 'chair': [463, 397, 257, 316, 499, 22, 211, 216, 103, 285]... (showing 10/30)
  Attribute words for 'earcup' in 'earphone': [21, 214, 248, 321, 381, 484, 225, 261, 407, 425]... (showing 10/30)
  Attribute words for 'headband' in 'earphone': [33, 32, 297, 103, 140, 163, 242, 310, 325, 378]... (showing 10/30)
  Attribute words for 'data_cord' in 'earphone': [293, 301, 417, 473, 14, 15, 121, 176, 250, 257]... (showing 10/30)
  Attribute words for 'head' in 'guitar': [152, 276, 490, 389, 251, 352, 411, 468, 107, 154]... (showing 10/30)
  Attribute words for 'neck' in 'guitar': [23, 175, 208, 61, 92, 108, 148, 511, 69, 72]... (showing 10/30)
  Attribute words for 'body' in 'guitar': [151, 6, 260, 261, 304, 414, 155, 391, 465, 76]... (showing 10/30)
  Attribute words for 'blade' in 'knife': [314, 199, 441, 92, 148, 215, 364, 89, 160, 171]... (showing 10/30)
  Attribute words for 'handle' in 'knife': [376, 24, 80, 194, 486, 354, 155, 327, 414, 208]... (showing 10/30)
  Attribute words for 'base' in 'lamp': [59, 491, 75, 46, 389, 372, 9, 138, 315, 149]... (showing 10/30)
  Attribute words for 'shade' in 'lamp': [17, 399, 490, 7, 185, 280, 329, 365, 289, 237]... (showing 10/30)
  Attribute words for 'tube' in 'lamp': [82, 123, 431, 137, 352, 177, 459, 28, 331, 273]... (showing 10/30)
  Attribute words for 'bulb' in 'lamp': [205, 469, 23, 61, 383, 430, 422, 356, 100, 10]... (showing 10/30)
  Attribute words for 'lid' in 'laptop': [267, 353, 311, 332, 23, 71, 202, 313, 415, 474]... (showing 10/30)
  Attribute words for 'base' in 'laptop': [447, 329, 128, 160, 326, 400, 432, 12, 234, 333]... (showing 10/30)
  Attribute words for 'gas_tank' in 'motorbike': [14, 298, 371, 227, 182, 245, 109, 372, 353, 387]... (showing 10/30)
  Attribute words for 'seat' in 'motorbike': [493, 103, 499, 191, 400, 312, 319, 328, 97, 174]... (showing 10/30)
  Attribute words for 'wheel' in 'motorbike': [443, 0, 91, 105, 220, 416, 300, 132, 337, 18]... (showing 10/30)
  Attribute words for 'handle' in 'motorbike': [59, 154, 185, 490, 275, 496, 16, 34, 82, 184]... (showing 10/30)
  Attribute words for 'light' in 'motorbike': [387, 157, 221, 15, 78, 210, 459, 132, 236, 370]... (showing 10/30)
  Attribute words for 'engine' in 'motorbike': [180, 336, 104, 131, 213, 435, 464, 200, 118, 279]... (showing 10/30)
  Attribute words for 'body' in 'mug': [311, 474, 313, 61, 208, 506, 3, 126, 158, 165]... (showing 10/30)
  Attribute words for 'handle' in 'mug': [400, 223, 456, 151, 204, 145, 94, 180, 464, 484]... (showing 10/30)
  Attribute words for 'barrel' in 'pistol': [132, 470, 272, 455, 174, 431, 97, 275, 340, 26]... (showing 10/30)
  Attribute words for 'handle' in 'pistol': [119, 290, 437, 344, 414, 203, 466, 8, 84, 323]... (showing 10/30)
  Attribute words for 'trigger_guard' in 'pistol': [216, 267, 311, 88, 480, 122, 137, 152, 286, 288]... (showing 10/30)
  Attribute words for 'nose' in 'rocket': [86, 167, 180, 182, 213, 299, 109, 112, 131, 321]... (showing 10/30)
  Attribute words for 'body' in 'rocket': [55, 92, 144, 359, 388, 29, 171, 294, 88, 138]... (showing 10/30)
  Attribute words for 'fin' in 'rocket': [356, 346, 72, 343, 502, 132, 402, 458, 426, 62]... (showing 10/30)
  Attribute words for 'deck' in 'skateboard': [157, 78, 123, 47, 440, 13, 331, 426, 50, 315]... (showing 10/30)
  Attribute words for 'wheel' in 'skateboard': [312, 174, 162, 211, 272, 67, 195, 201, 497, 242]... (showing 10/30)
  Attribute words for 'truck' in 'skateboard': [27, 415, 474, 210, 506, 102, 236, 338, 363, 487]... (showing 10/30)
  Attribute words for 'top' in 'table': [279, 367, 358, 204, 317, 417, 6, 261, 146, 479]... (showing 10/30)
  Attribute words for 'leg' in 'table': [72, 502, 70, 356, 95, 224, 124, 154, 476, 177]... (showing 10/30)
  Attribute words for 'support' in 'table': [465, 43, 228, 386, 119, 507, 403, 287, 460, 131]... (showing 10/30)

Attribute query: 'airplane/wing'
  Top-10 results (shape_id, score):
    shape  1460  class=lamp          score=2.0068
    shape  1022  class=lamp          score=1.6998
    shape  1937  class=lamp          score=1.6105
    shape   472  class=chair         score=1.5706
    shape  2268  class=lamp          score=1.4843
    shape  2676  class=lamp          score=1.4614
    shape  2187  class=lamp          score=1.4311
    shape   102  class=chair         score=1.4020
    shape  1349  class=lamp          score=1.3968
    shape  3075  class=lamp          score=1.3682

Evaluating retrieval (n_queries_per_class=50)...
  620 total queries

============================================================
3D SIFT + Inverted Index  (vocab=512)
  class-mAP@5  = 0.3102
  part-mAP@5   = 0.3089  (IoU threshold=0.3)
  Sample query part profiles (first 3 queries):
    query 0 (chair)  AP=0.2000
      query parts: back=0.92, seat=0.92, arm=0.91, leg=0.44
      result 1: shape 2739  iou=0.00  rel=False  [wing=0.98, tail=0.98, engine=0.96, body=0.86]
      result 2: shape 2265  iou=0.00  rel=False  [top=1.00, support=0.98, leg=0.87, body=0.00]
      result 3: shape 52  iou=0.00  rel=False  [top=1.00, support=0.98, leg=0.88, body=0.00]
    query 1 (airplane)  AP=0.0000
      query parts: wing=0.95, tail=0.95, engine=0.92, body=0.83
      result 1: shape 2887  iou=0.00  rel=False  [top=0.99, support=0.98, leg=0.87, body=0.00]
      result 2: shape 1473  iou=0.00  rel=False  [top=0.92, support=0.88, leg=0.81, body=0.00]
      result 3: shape 549  iou=0.00  rel=False  [lid=0.99, base=0.53, body=0.00, wing=0.00]
    query 2 (lamp)  AP=0.6792
      query parts: bulb=0.84, shade=0.84, base=0.74, tube=0.74
      result 1: shape 585  iou=0.00  rel=False  [back=0.99, seat=0.98, arm=0.96, leg=0.47]
      result 2: shape 474  iou=1.00  rel=True  [shade=0.91, bulb=0.90, tube=0.85, base=0.76]
      result 3: shape 986  iou=0.67  rel=True  [bulb=0.73, shade=0.71, base=0.69, tube=0.44]

============================================================
Global embedding baseline: RISA  [proxy_anchor]
✓ Loaded ShapeNet train: 13476 samples (per-point labels: True)
[W928 15:29:43.770890950 Context.cpp:424] Warning: torch.backends.cuda.preferred_linalg_library is an experimental feature. If you see any error or unexpected behavior when this flag is set please file an issue on GitHub. (function operator())
    epoch 1/100  loss=2.8124  lr=1.00e-04
    epoch 2/100  loss=1.7060  lr=9.99e-05
    epoch 3/100  loss=1.5756  lr=9.98e-05
    epoch 4/100  loss=1.4455  lr=9.96e-05
    epoch 5/100  loss=1.3737  lr=9.94e-05
    epoch 6/100  loss=1.2457  lr=9.91e-05
    epoch 7/100  loss=1.2090  lr=9.88e-05
    epoch 8/100  loss=1.1850  lr=9.84e-05
    epoch 9/100  loss=1.0837  lr=9.80e-05
    epoch 10/100  loss=1.0864  val_class-mAP@5=0.8650  val_part-mAP@5=0.8616  lr=9.76e-05
    epoch 11/100  loss=1.0311  lr=9.71e-05
    epoch 12/100  loss=1.0174  lr=9.65e-05
    epoch 13/100  loss=0.9793  lr=9.59e-05
    epoch 14/100  loss=0.9713  lr=9.53e-05
    epoch 15/100  loss=0.9632  lr=9.46e-05
    epoch 16/100  loss=0.9371  lr=9.39e-05
    epoch 17/100  loss=0.8821  lr=9.31e-05
    epoch 18/100  loss=0.8848  lr=9.23e-05
    epoch 19/100  loss=0.8390  lr=9.14e-05
    epoch 20/100  loss=0.8269  val_class-mAP@5=0.8765  val_part-mAP@5=0.8759  lr=9.05e-05
    epoch 21/100  loss=0.8118  lr=8.96e-05
    epoch 22/100  loss=0.8061  lr=8.86e-05
    epoch 23/100  loss=0.8197  lr=8.76e-05
    epoch 24/100  loss=0.7776  lr=8.66e-05
    epoch 25/100  loss=0.7497  lr=8.55e-05
    epoch 26/100  loss=0.7498  lr=8.44e-05
    epoch 27/100  loss=0.7930  lr=8.32e-05
    epoch 28/100  loss=0.7278  lr=8.21e-05
    epoch 29/100  loss=0.7220  lr=8.08e-05
    epoch 30/100  loss=0.6981  val_class-mAP@5=0.8901  val_part-mAP@5=0.8890  lr=7.96e-05
    epoch 31/100  loss=0.6381  lr=7.83e-05
    epoch 32/100  loss=0.6528  lr=7.70e-05
    epoch 33/100  loss=0.6776  lr=7.57e-05
    epoch 34/100  loss=0.6414  lr=7.43e-05
    epoch 35/100  loss=0.6999  lr=7.30e-05
    epoch 36/100  loss=0.6004  lr=7.16e-05
    epoch 37/100  loss=0.6205  lr=7.02e-05
    epoch 38/100  loss=0.5641  lr=6.87e-05
    epoch 39/100  loss=0.5963  lr=6.73e-05
    epoch 40/100  loss=0.5498  val_class-mAP@5=0.8888  val_part-mAP@5=0.8876  lr=6.58e-05
    epoch 41/100  loss=0.5742  lr=6.43e-05
    epoch 42/100  loss=0.5933  lr=6.28e-05
    epoch 43/100  loss=0.5601  lr=6.13e-05
    epoch 44/100  loss=0.5584  lr=5.98e-05
    epoch 45/100  loss=0.5487  lr=5.82e-05
    epoch 46/100  loss=0.5175  lr=5.67e-05
    epoch 47/100  loss=0.4752  lr=5.52e-05
    epoch 48/100  loss=0.4620  lr=5.36e-05
    epoch 49/100  loss=0.5342  lr=5.21e-05
    epoch 50/100  loss=0.5037  val_class-mAP@5=0.8955  val_part-mAP@5=0.8955  lr=5.05e-05
    epoch 51/100  loss=0.4969  lr=4.89e-05
    epoch 52/100  loss=0.4469  lr=4.74e-05
    epoch 53/100  loss=0.4468  lr=4.58e-05
    epoch 54/100  loss=0.4522  lr=4.43e-05
    epoch 55/100  loss=0.4807  lr=4.28e-05
    epoch 56/100  loss=0.4210  lr=4.12e-05
    epoch 57/100  loss=0.4516  lr=3.97e-05
    epoch 58/100  loss=0.4211  lr=3.82e-05
    epoch 59/100  loss=0.3554  lr=3.67e-05
    epoch 60/100  loss=0.4102  val_class-mAP@5=0.9112  val_part-mAP@5=0.9093  lr=3.52e-05
    epoch 61/100  loss=0.3967  lr=3.37e-05
    epoch 62/100  loss=0.3759  lr=3.23e-05
    epoch 63/100  loss=0.3053  lr=3.08e-05
    epoch 64/100  loss=0.3216  lr=2.94e-05
    epoch 65/100  loss=0.3116  lr=2.80e-05
    epoch 66/100  loss=0.3467  lr=2.67e-05
    epoch 67/100  loss=0.3103  lr=2.53e-05
    epoch 68/100  loss=0.3438  lr=2.40e-05
    epoch 69/100  loss=0.2957  lr=2.27e-05
    epoch 70/100  loss=0.2764  val_class-mAP@5=0.9065  val_part-mAP@5=0.9054  lr=2.14e-05
    epoch 71/100  loss=0.3417  lr=2.02e-05
    epoch 72/100  loss=0.2957  lr=1.89e-05
    epoch 73/100  loss=0.2733  lr=1.78e-05
    epoch 74/100  loss=0.3004  lr=1.66e-05
    epoch 75/100  loss=0.2733  lr=1.55e-05
    epoch 76/100  loss=0.2524  lr=1.44e-05
    epoch 77/100  loss=0.2731  lr=1.34e-05
    epoch 78/100  loss=0.2894  lr=1.24e-05
    epoch 79/100  loss=0.2362  lr=1.14e-05
    epoch 80/100  loss=0.2446  val_class-mAP@5=0.9064  val_part-mAP@5=0.9045  lr=1.05e-05
    epoch 81/100  loss=0.2342  lr=9.56e-06
    epoch 82/100  loss=0.2245  lr=8.71e-06
    epoch 83/100  loss=0.2438  lr=7.89e-06
    epoch 84/100  loss=0.2354  lr=7.12e-06
    epoch 85/100  loss=0.2143  lr=6.40e-06
    epoch 86/100  loss=0.1906  lr=5.71e-06
    epoch 87/100  loss=0.2284  lr=5.07e-06
    epoch 88/100  loss=0.2121  lr=4.48e-06
    epoch 89/100  loss=0.2380  lr=3.93e-06
    epoch 90/100  loss=0.2457  val_class-mAP@5=0.9021  val_part-mAP@5=0.9010  lr=3.42e-06
    epoch 91/100  loss=0.2384  lr=2.97e-06
    epoch 92/100  loss=0.2179  lr=2.56e-06
    epoch 93/100  loss=0.1823  lr=2.19e-06
    epoch 94/100  loss=0.2203  lr=1.88e-06
    epoch 95/100  loss=0.1800  lr=1.61e-06
    epoch 96/100  loss=0.2183  lr=1.39e-06
    epoch 97/100  loss=0.1816  lr=1.22e-06
    epoch 98/100  loss=0.2021  lr=1.10e-06
    epoch 99/100  loss=0.2176  lr=1.02e-06
    epoch 100/100  loss=0.1974  val_class-mAP@5=0.9005  val_part-mAP@5=0.9000  lr=1.00e-06
    Saved checkpoint → outputs/checkpoints/20260928_200734_RotationInvariantSparseAttention.pt
  class-mAP@5 = 0.9121
  part-mAP@5  = 0.9109
  Sample query part profiles (first 3 queries):
    query 0 (chair)  AP=1.0000
      query parts: back=0.92, seat=0.92, arm=0.91, leg=0.44
      result 1: shape 1339  iou=1.00  rel=True  [back=0.94, seat=0.94, arm=0.94, leg=0.45]
      result 2: shape 2404  iou=0.75  rel=True  [back=0.98, seat=0.98, arm=0.95, leg=0.47]
      result 3: shape 1180  iou=0.75  rel=True  [back=0.98, seat=0.97, arm=0.94, leg=0.47]
    query 1 (airplane)  AP=0.9500
      query parts: wing=0.95, tail=0.95, engine=0.92, body=0.83
      result 1: shape 1863  iou=0.67  rel=True  [tail=0.95, wing=0.95, engine=0.93, body=0.83]
      result 2: shape 1033  iou=1.00  rel=True  [wing=0.96, tail=0.96, engine=0.94, body=0.85]
      result 3: shape 2068  iou=1.00  rel=True  [wing=0.92, tail=0.91, engine=0.89, body=0.81]
    query 2 (lamp)  AP=0.0000
      query parts: bulb=0.84, shade=0.84, base=0.74, tube=0.74
      result 1: shape 559  iou=0.00  rel=False  [barrel=1.00, trigger_guard=1.00, handle=0.47, body=0.00]
      result 2: shape 2814  iou=0.00  rel=False  [data_cord=0.60, earcup=0.33, headband=0.05, body=0.00]
      result 3: shape 3172  iou=0.00  rel=False  [trigger_guard=0.98, barrel=0.98, handle=0.47, body=0.00]

============================================================
Method                  class-mAP@5   part-mAP@5
----------------------------------------------
3D-SIFT-InvIndex             0.3102       0.3089
RISA                         0.9121       0.9109

Results saved → /home/grad/smenon/retrieval_paper/outputs/exp8_part_retrieval.json
