Device: cuda
Loading ShapeNet test set (1024 pts per shape)...
✓ Loaded ShapeNet test: 3370 samples (per-point labels: True)
Extracting shapes...
  3370 test shapes, 16 classes
Computing part distributions...

Loading 3D SIFT descriptors from cache: outputs/exp8_sift_cache.npz
  Loaded 3370 shapes from cache.
  Total descriptors: 215,680

Building inverted index (vocab_size=512)...
  Building vocabulary: 512 words from 215,680 descriptors...
  Vocabulary ready.
  Indexed 3370 shapes.

Discovering attribute words from part labels...
  Attribute words for 'body' in 'airplane': [94, 239, 346, 347, 363, 439, 458, 317, 78, 299]... (showing 10/30)
  Attribute words for 'wing' in 'airplane': [224, 267, 0, 124, 210, 494, 319, 322, 429, 129]... (showing 10/30)
  Attribute words for 'tail' in 'airplane': [331, 273, 469, 498, 82, 98, 137, 185, 236, 404]... (showing 10/30)
  Attribute words for 'engine' in 'airplane': [413, 123, 15, 59, 491, 502, 100, 315, 490, 271]... (showing 10/30)
  Attribute words for 'body' in 'bag': [247, 271, 26, 262, 297, 384, 78, 79, 122, 136]... (showing 10/30)
  Attribute words for 'handle' in 'bag': [94, 261, 204, 260, 151, 488, 50, 84, 344, 68]... (showing 10/30)
  Attribute words for 'brim' in 'cap': [155, 484, 248, 214, 50, 106, 204, 240, 261, 417]... (showing 10/30)
  Attribute words for 'crown' in 'cap': [162, 274, 284, 377, 17, 69, 73, 255, 395, 441]... (showing 10/30)
  Attribute words for 'body' in 'car': [208, 398, 108, 368, 330, 466, 438, 298, 435, 87]... (showing 10/30)
  Attribute words for 'wheel' in 'car': [117, 137, 430, 458, 7, 205, 485, 63, 147, 384]... (showing 10/30)
  Attribute words for 'hood' in 'car': [252, 88, 157, 401, 48, 78, 150, 373, 16, 254]... (showing 10/30)
  Attribute words for 'roof' in 'car': [346, 198, 249, 197, 359, 17, 218, 207, 340, 143]... (showing 10/30)
  Attribute words for 'back' in 'chair': [503, 226, 81, 170, 365, 32, 91, 432, 404, 349]... (showing 10/30)
  Attribute words for 'seat' in 'chair': [327, 376, 194, 2, 403, 409, 68, 43, 375, 229]... (showing 10/30)
  Attribute words for 'leg' in 'chair': [412, 308, 382, 185, 366, 453, 54, 357, 283, 436]... (showing 10/30)
  Attribute words for 'arm' in 'chair': [463, 397, 257, 316, 499, 22, 211, 216, 103, 285]... (showing 10/30)
  Attribute words for 'earcup' in 'earphone': [21, 214, 248, 321, 381, 484, 225, 261, 407, 425]... (showing 10/30)
  Attribute words for 'headband' in 'earphone': [33, 32, 297, 103, 140, 163, 242, 310, 325, 378]... (showing 10/30)
  Attribute words for 'data_cord' in 'earphone': [293, 301, 417, 473, 14, 15, 121, 176, 250, 257]... (showing 10/30)
  Attribute words for 'head' in 'guitar': [152, 276, 490, 389, 251, 352, 411, 468, 107, 154]... (showing 10/30)
  Attribute words for 'neck' in 'guitar': [23, 175, 208, 61, 92, 108, 148, 511, 69, 72]... (showing 10/30)
  Attribute words for 'body' in 'guitar': [151, 6, 260, 261, 304, 414, 155, 391, 465, 76]... (showing 10/30)
  Attribute words for 'blade' in 'knife': [314, 199, 441, 92, 148, 215, 364, 89, 160, 171]... (showing 10/30)
  Attribute words for 'handle' in 'knife': [376, 24, 80, 194, 486, 354, 155, 327, 414, 208]... (showing 10/30)
  Attribute words for 'base' in 'lamp': [59, 491, 75, 46, 389, 372, 9, 138, 315, 149]... (showing 10/30)
  Attribute words for 'shade' in 'lamp': [17, 399, 490, 7, 185, 280, 329, 365, 289, 237]... (showing 10/30)
  Attribute words for 'tube' in 'lamp': [82, 123, 431, 137, 352, 177, 459, 28, 331, 273]... (showing 10/30)
  Attribute words for 'bulb' in 'lamp': [205, 469, 23, 61, 383, 430, 422, 356, 100, 10]... (showing 10/30)
  Attribute words for 'lid' in 'laptop': [267, 353, 311, 332, 23, 71, 202, 313, 415, 474]... (showing 10/30)
  Attribute words for 'base' in 'laptop': [447, 329, 128, 160, 326, 400, 432, 12, 234, 333]... (showing 10/30)
  Attribute words for 'gas_tank' in 'motorbike': [14, 298, 371, 227, 182, 245, 109, 372, 353, 387]... (showing 10/30)
  Attribute words for 'seat' in 'motorbike': [493, 103, 499, 191, 400, 312, 319, 328, 97, 174]... (showing 10/30)
  Attribute words for 'wheel' in 'motorbike': [443, 0, 91, 105, 220, 416, 300, 132, 337, 18]... (showing 10/30)
  Attribute words for 'handle' in 'motorbike': [59, 154, 185, 490, 275, 496, 16, 34, 82, 184]... (showing 10/30)
  Attribute words for 'light' in 'motorbike': [387, 157, 221, 15, 78, 210, 459, 132, 236, 370]... (showing 10/30)
  Attribute words for 'engine' in 'motorbike': [180, 336, 104, 131, 213, 435, 464, 200, 118, 279]... (showing 10/30)
  Attribute words for 'body' in 'mug': [311, 474, 313, 61, 208, 506, 3, 126, 158, 165]... (showing 10/30)
  Attribute words for 'handle' in 'mug': [400, 223, 456, 151, 204, 145, 94, 180, 464, 484]... (showing 10/30)
  Attribute words for 'barrel' in 'pistol': [132, 470, 272, 455, 174, 431, 97, 275, 340, 26]... (showing 10/30)
  Attribute words for 'handle' in 'pistol': [119, 290, 437, 344, 414, 203, 466, 8, 84, 323]... (showing 10/30)
  Attribute words for 'trigger_guard' in 'pistol': [216, 267, 311, 88, 480, 122, 137, 152, 286, 288]... (showing 10/30)
  Attribute words for 'nose' in 'rocket': [86, 167, 180, 182, 213, 299, 109, 112, 131, 321]... (showing 10/30)
  Attribute words for 'body' in 'rocket': [55, 92, 144, 359, 388, 29, 171, 294, 88, 138]... (showing 10/30)
  Attribute words for 'fin' in 'rocket': [356, 346, 72, 343, 502, 132, 402, 458, 426, 62]... (showing 10/30)
  Attribute words for 'deck' in 'skateboard': [157, 78, 123, 47, 440, 13, 331, 426, 50, 315]... (showing 10/30)
  Attribute words for 'wheel' in 'skateboard': [312, 174, 162, 211, 272, 67, 195, 201, 497, 242]... (showing 10/30)
  Attribute words for 'truck' in 'skateboard': [27, 415, 474, 210, 506, 102, 236, 338, 363, 487]... (showing 10/30)
  Attribute words for 'top' in 'table': [279, 367, 358, 204, 317, 417, 6, 261, 146, 479]... (showing 10/30)
  Attribute words for 'leg' in 'table': [72, 502, 70, 356, 95, 224, 124, 154, 476, 177]... (showing 10/30)
  Attribute words for 'support' in 'table': [465, 43, 228, 386, 119, 507, 403, 287, 460, 131]... (showing 10/30)

Attribute query: 'airplane/wing'
  Top-10 results (shape_id, score):
    shape  1460  class=lamp          score=2.0068
    shape  1022  class=lamp          score=1.6998
    shape  1937  class=lamp          score=1.6105
    shape   472  class=chair         score=1.5706
    shape  2268  class=lamp          score=1.4843
    shape  2676  class=lamp          score=1.4614
    shape  2187  class=lamp          score=1.4311
    shape   102  class=chair         score=1.4020
    shape  1349  class=lamp          score=1.3968
    shape  3075  class=lamp          score=1.3682

Evaluating retrieval (n_queries_per_class=50)...
  620 total queries

============================================================
3D SIFT + Inverted Index  (vocab=512)
  class-mAP@5  = 0.3102
  part-mAP@5   = 0.3089  (IoU threshold=0.3)
  Sample query part profiles (first 3 queries):
    query 0 (chair)  AP=0.2000
      query parts: back=0.92, seat=0.92, arm=0.91, leg=0.44
      result 1: shape 2739  iou=0.00  rel=False  [wing=0.98, tail=0.98, engine=0.96, body=0.86]
      result 2: shape 2265  iou=0.00  rel=False  [top=1.00, support=0.98, leg=0.87, body=0.00]
      result 3: shape 52  iou=0.00  rel=False  [top=1.00, support=0.98, leg=0.88, body=0.00]
    query 1 (airplane)  AP=0.0000
      query parts: wing=0.95, tail=0.95, engine=0.92, body=0.83
      result 1: shape 2887  iou=0.00  rel=False  [top=0.99, support=0.98, leg=0.87, body=0.00]
      result 2: shape 1473  iou=0.00  rel=False  [top=0.92, support=0.88, leg=0.81, body=0.00]
      result 3: shape 549  iou=0.00  rel=False  [lid=0.99, base=0.53, body=0.00, wing=0.00]
    query 2 (lamp)  AP=0.6792
      query parts: bulb=0.84, shade=0.84, base=0.74, tube=0.74
      result 1: shape 585  iou=0.00  rel=False  [back=0.99, seat=0.98, arm=0.96, leg=0.47]
      result 2: shape 474  iou=1.00  rel=True  [shade=0.91, bulb=0.90, tube=0.85, base=0.76]
      result 3: shape 986  iou=0.67  rel=True  [bulb=0.73, shade=0.71, base=0.69, tube=0.44]

============================================================
Global embedding baseline: PointNet++  [proxy_anchor]
✓ Loaded ShapeNet train: 13476 samples (per-point labels: True)
    epoch 1/100  loss=8.5579  lr=1.00e-04
    epoch 2/100  loss=7.2428  lr=9.99e-05
    epoch 3/100  loss=6.3685  lr=9.98e-05
    epoch 4/100  loss=5.4959  lr=9.96e-05
    epoch 5/100  loss=4.6730  lr=9.94e-05
    epoch 6/100  loss=4.0615  lr=9.91e-05
    epoch 7/100  loss=3.5637  lr=9.88e-05
    epoch 8/100  loss=3.3918  lr=9.84e-05
    epoch 9/100  loss=3.1803  lr=9.80e-05
    epoch 10/100  loss=2.8980  val_class-mAP@5=0.8322  val_part-mAP@5=0.8310  lr=9.76e-05
    epoch 11/100  loss=2.7698  lr=9.71e-05
    epoch 12/100  loss=2.6396  lr=9.65e-05
    epoch 13/100  loss=2.5047  lr=9.59e-05
    epoch 14/100  loss=2.4544  lr=9.53e-05
    epoch 15/100  loss=2.3931  lr=9.46e-05
    epoch 16/100  loss=2.3408  lr=9.39e-05
    epoch 17/100  loss=2.1549  lr=9.31e-05
    epoch 18/100  loss=2.1480  lr=9.23e-05
    epoch 19/100  loss=2.1031  lr=9.14e-05
    epoch 20/100  loss=2.0495  val_class-mAP@5=0.8589  val_part-mAP@5=0.8572  lr=9.05e-05
    epoch 21/100  loss=1.9879  lr=8.96e-05
    epoch 22/100  loss=1.8975  lr=8.86e-05
    epoch 23/100  loss=1.8637  lr=8.76e-05
    epoch 24/100  loss=1.9761  lr=8.66e-05
    epoch 25/100  loss=1.8025  lr=8.55e-05
    epoch 26/100  loss=1.7839  lr=8.44e-05
    epoch 27/100  loss=1.7587  lr=8.32e-05
    epoch 28/100  loss=1.7393  lr=8.21e-05
    epoch 29/100  loss=1.6096  lr=8.08e-05
    epoch 30/100  loss=1.6137  val_class-mAP@5=0.8528  val_part-mAP@5=0.8508  lr=7.96e-05
    epoch 31/100  loss=1.5727  lr=7.83e-05
